Copyright 1986-2022 Xilinx, Inc. All Rights Reserved. Copyright 2022-2025 Advanced Micro Devices, Inc. All Rights Reserved.
------------------------------------------------------------------------------------------------------------------------------------------------------------------------------------------------------------------------------------------
| Tool Version : Vivado v.2025.2 (win64) Build 6299465 Fri Nov 14 19:35:11 GMT 2025
| Date         : Thu Apr 23 20:16:23 2026
| Host         : NithishReddy running 64-bit major release  (build 9200)
| Command      : report_timing_summary -max_paths 10 -routable_nets -report_unconstrained -file top_module_timing_summary_routed.rpt -pb top_module_timing_summary_routed.pb -rpx top_module_timing_summary_routed.rpx -warn_on_violation
| Design       : top_module
| Device       : 7a35t-cpg236
| Speed File   : -3  PRODUCTION 1.23 2018-06-13
| Design State : Routed
------------------------------------------------------------------------------------------------------------------------------------------------------------------------------------------------------------------------------------------

Timing Summary Report

------------------------------------------------------------------------------------------------
| Timer Settings
| --------------
------------------------------------------------------------------------------------------------

  Enable Multi Corner Analysis               :  Yes
  Enable Pessimism Removal                   :  Yes
  Pessimism Removal Resolution               :  Nearest Common Node
  Enable Input Delay Default Clock           :  No
  Enable Preset / Clear Arcs                 :  No
  Disable Flight Delays                      :  No
  Ignore I/O Paths                           :  No
  Timing Early Launch at Borrowing Latches   :  No
  Borrow Time for Max Delay Exceptions       :  Yes
  Merge Timing Exceptions                    :  Yes
  Inter-SLR Compensation                     :  Conservative

  Corner  Analyze    Analyze    
  Name    Max Paths  Min Paths  
  ------  ---------  ---------  
  Slow    Yes        Yes        
  Fast    Yes        Yes        


------------------------------------------------------------------------------------------------
| Report Methodology
| ------------------
------------------------------------------------------------------------------------------------

Rule       Severity          Description                  Violations  
---------  ----------------  ---------------------------  ----------  
TIMING-17  Critical Warning  Non-clocked sequential cell  71          

Note: This report is based on the most recent report_methodology run and may not be up-to-date. Run report_methodology on the current design for the latest report.



check_timing report

Table of Contents
-----------------
1. checking no_clock (71)
2. checking constant_clock (0)
3. checking pulse_width_clock (0)
4. checking unconstrained_internal_endpoints (146)
5. checking no_input_delay (12)
6. checking no_output_delay (11)
7. checking multiple_clock (0)
8. checking generated_clocks (0)
9. checking loops (0)
10. checking partial_input_delay (0)
11. checking partial_output_delay (0)
12. checking latch_loops (0)

1. checking no_clock (71)
-------------------------
 There are 71 register/latch pins with no clock driven by root clock pin: clk (HIGH)


2. checking constant_clock (0)
------------------------------
 There are 0 register/latch pins with constant_clock.


3. checking pulse_width_clock (0)
---------------------------------
 There are 0 register/latch pins which need pulse_width check


4. checking unconstrained_internal_endpoints (146)
--------------------------------------------------
 There are 146 pins that are not constrained for maximum delay. (HIGH)

 There are 0 pins that are not constrained for maximum delay due to constant clock.


5. checking no_input_delay (12)
-------------------------------
 There are 12 input ports with no input delay specified. (HIGH)

 There are 0 input ports with no input delay but user has a false path constraint.


6. checking no_output_delay (11)
--------------------------------
 There are 11 ports with no output delay specified. (HIGH)

 There are 0 ports with no output delay but user has a false path constraint

 There are 0 ports with no output delay but with a timing clock defined on it or propagating through it


7. checking multiple_clock (0)
------------------------------
 There are 0 register/latch pins with multiple clocks.


8. checking generated_clocks (0)
--------------------------------
 There are 0 generated clocks that are not connected to a clock source.


9. checking loops (0)
---------------------
 There are 0 combinational loops in the design.


10. checking partial_input_delay (0)
------------------------------------
 There are 0 input ports with partial input delay specified.


11. checking partial_output_delay (0)
-------------------------------------
 There are 0 ports with partial output delay specified.


12. checking latch_loops (0)
----------------------------
 There are 0 combinational latch loops in the design through latch input



------------------------------------------------------------------------------------------------
| Design Timing Summary
| ---------------------
------------------------------------------------------------------------------------------------

    WNS(ns)      TNS(ns)  TNS Failing Endpoints  TNS Total Endpoints      WHS(ns)      THS(ns)  THS Failing Endpoints  THS Total Endpoints     WPWS(ns)     TPWS(ns)  TPWS Failing Endpoints  TPWS Total Endpoints  
    -------      -------  ---------------------  -------------------      -------      -------  ---------------------  -------------------     --------     --------  ----------------------  --------------------  
        inf        0.000                      0                  158          inf        0.000                      0                  158           NA           NA                      NA                    NA  


There are no user specified timing constraints.


------------------------------------------------------------------------------------------------
| Clock Summary
| -------------
------------------------------------------------------------------------------------------------


------------------------------------------------------------------------------------------------
| Intra Clock Table
| -----------------
------------------------------------------------------------------------------------------------

Clock             WNS(ns)      TNS(ns)  TNS Failing Endpoints  TNS Total Endpoints      WHS(ns)      THS(ns)  THS Failing Endpoints  THS Total Endpoints     WPWS(ns)     TPWS(ns)  TPWS Failing Endpoints  TPWS Total Endpoints  
-----             -------      -------  ---------------------  -------------------      -------      -------  ---------------------  -------------------     --------     --------  ----------------------  --------------------  


------------------------------------------------------------------------------------------------
| Inter Clock Table
| -----------------
------------------------------------------------------------------------------------------------

From Clock    To Clock          WNS(ns)      TNS(ns)  TNS Failing Endpoints  TNS Total Endpoints      WHS(ns)      THS(ns)  THS Failing Endpoints  THS Total Endpoints  
----------    --------          -------      -------  ---------------------  -------------------      -------      -------  ---------------------  -------------------  


------------------------------------------------------------------------------------------------
| Other Path Groups Table
| -----------------------
------------------------------------------------------------------------------------------------

Path Group    From Clock    To Clock          WNS(ns)      TNS(ns)  TNS Failing Endpoints  TNS Total Endpoints      WHS(ns)      THS(ns)  THS Failing Endpoints  THS Total Endpoints  
----------    ----------    --------          -------      -------  ---------------------  -------------------      -------      -------  ---------------------  -------------------  


------------------------------------------------------------------------------------------------
| User Ignored Path Table
| -----------------------
------------------------------------------------------------------------------------------------

Path Group    From Clock    To Clock    
----------    ----------    --------    


------------------------------------------------------------------------------------------------
| Unconstrained Path Table
| ------------------------
------------------------------------------------------------------------------------------------

Path Group    From Clock    To Clock    
----------    ----------    --------    
(none)                                    


------------------------------------------------------------------------------------------------
| Timing Details
| --------------
------------------------------------------------------------------------------------------------


--------------------------------------------------------------------------------------
Path Group:  (none)
From Clock:  
  To Clock:  

Max Delay           158 Endpoints
Min Delay           158 Endpoints
--------------------------------------------------------------------------------------


Max Delay Paths
--------------------------------------------------------------------------------------
Slack:                    inf
  Source:                 mode
                            (input port)
  Destination:            seg[0]
                            (output port)
  Path Group:             (none)
  Path Type:              Max at Slow Process Corner
  Data Path Delay:        10.200ns  (logic 4.935ns (48.384%)  route 5.265ns (51.616%))
  Logic Levels:           4  (IBUF=1 LUT3=1 LUT4=1 OBUF=1)

    Location             Delay type                Incr(ns)  Path(ns)    Netlist Resource(s)
  -------------------------------------------------------------------    -------------------
    R2                                                0.000     0.000 r  mode (IN)
                         net (fo=0)                   0.000     0.000    mode
    R2                   IBUF (Prop_ibuf_I_O)         1.304     1.304 r  mode_IBUF_inst/O
                         net (fo=10, routed)          2.642     3.946    mode_IBUF
    SLICE_X33Y17         LUT3 (Prop_lut3_I1_O)        0.111     4.057 r  seg_OBUF[6]_inst_i_2/O
                         net (fo=4, routed)           0.622     4.679    seg_OBUF[6]_inst_i_2_n_0
    SLICE_X34Y18         LUT4 (Prop_lut4_I1_O)        0.250     4.929 r  seg_OBUF[0]_inst_i_1/O
                         net (fo=1, routed)           2.001     6.930    seg_OBUF[0]
    W7                   OBUF (Prop_obuf_I_O)         3.270    10.200 r  seg_OBUF[0]_inst/O
                         net (fo=0)                   0.000    10.200    seg[0]
    W7                                                                r  seg[0] (OUT)
  -------------------------------------------------------------------    -------------------

Slack:                    inf
  Source:                 mode
                            (input port)
  Destination:            seg[1]
                            (output port)
  Path Group:             (none)
  Path Type:              Max at Slow Process Corner
  Data Path Delay:        10.197ns  (logic 4.888ns (47.933%)  route 5.309ns (52.067%))
  Logic Levels:           4  (IBUF=1 LUT6=1 MUXF7=1 OBUF=1)

    Location             Delay type                Incr(ns)  Path(ns)    Netlist Resource(s)
  -------------------------------------------------------------------    -------------------
    R2                                                0.000     0.000 r  mode (IN)
                         net (fo=0)                   0.000     0.000    mode
    R2                   IBUF (Prop_ibuf_I_O)         1.304     1.304 r  mode_IBUF_inst/O
                         net (fo=10, routed)          2.319     3.623    mode_IBUF
    SLICE_X33Y16         MUXF7 (Prop_muxf7_S_O)       0.203     3.826 r  seg_OBUF[6]_inst_i_4/O
                         net (fo=7, routed)           1.000     4.826    seg_OBUF[6]_inst_i_4_n_0
    SLICE_X34Y18         LUT6 (Prop_lut6_I4_O)        0.229     5.055 r  seg_OBUF[1]_inst_i_1/O
                         net (fo=1, routed)           1.991     7.046    seg_OBUF[1]
    W6                   OBUF (Prop_obuf_I_O)         3.152    10.197 r  seg_OBUF[1]_inst/O
                         net (fo=0)                   0.000    10.197    seg[1]
    W6                                                                r  seg[1] (OUT)
  -------------------------------------------------------------------    -------------------

Slack:                    inf
  Source:                 mode
                            (input port)
  Destination:            seg[3]
                            (output port)
  Path Group:             (none)
  Path Type:              Max at Slow Process Corner
  Data Path Delay:        10.184ns  (logic 4.820ns (47.330%)  route 5.364ns (52.670%))
  Logic Levels:           4  (IBUF=1 LUT3=1 LUT6=1 OBUF=1)

    Location             Delay type                Incr(ns)  Path(ns)    Netlist Resource(s)
  -------------------------------------------------------------------    -------------------
    R2                                                0.000     0.000 r  mode (IN)
                         net (fo=0)                   0.000     0.000    mode
    R2                   IBUF (Prop_ibuf_I_O)         1.304     1.304 r  mode_IBUF_inst/O
                         net (fo=10, routed)          2.642     3.946    mode_IBUF
    SLICE_X33Y17         LUT3 (Prop_lut3_I1_O)        0.111     4.057 r  seg_OBUF[6]_inst_i_2/O
                         net (fo=4, routed)           0.627     4.684    seg_OBUF[6]_inst_i_2_n_0
    SLICE_X34Y18         LUT6 (Prop_lut6_I1_O)        0.247     4.931 r  seg_OBUF[3]_inst_i_1/O
                         net (fo=1, routed)           2.095     7.026    seg_OBUF[3]
    V8                   OBUF (Prop_obuf_I_O)         3.158    10.184 r  seg_OBUF[3]_inst/O
                         net (fo=0)                   0.000    10.184    seg[3]
    V8                                                                r  seg[3] (OUT)
  -------------------------------------------------------------------    -------------------

Slack:                    inf
  Source:                 mode
                            (input port)
  Destination:            seg[2]
                            (output port)
  Path Group:             (none)
  Path Type:              Max at Slow Process Corner
  Data Path Delay:        10.082ns  (logic 4.820ns (47.807%)  route 5.262ns (52.193%))
  Logic Levels:           4  (IBUF=1 LUT3=1 LUT5=1 OBUF=1)

    Location             Delay type                Incr(ns)  Path(ns)    Netlist Resource(s)
  -------------------------------------------------------------------    -------------------
    R2                                                0.000     0.000 r  mode (IN)
                         net (fo=0)                   0.000     0.000    mode
    R2                   IBUF (Prop_ibuf_I_O)         1.304     1.304 r  mode_IBUF_inst/O
                         net (fo=10, routed)          2.642     3.946    mode_IBUF
    SLICE_X33Y17         LUT3 (Prop_lut3_I1_O)        0.111     4.057 f  seg_OBUF[6]_inst_i_2/O
                         net (fo=4, routed)           0.622     4.679    seg_OBUF[6]_inst_i_2_n_0
    SLICE_X34Y18         LUT5 (Prop_lut5_I2_O)        0.247     4.926 r  seg_OBUF[2]_inst_i_1/O
                         net (fo=1, routed)           1.998     6.924    seg_OBUF[2]
    U8                   OBUF (Prop_obuf_I_O)         3.158    10.082 r  seg_OBUF[2]_inst/O
                         net (fo=0)                   0.000    10.082    seg[2]
    U8                                                                r  seg[2] (OUT)
  -------------------------------------------------------------------    -------------------

Slack:                    inf
  Source:                 mode
                            (input port)
  Destination:            seg[6]
                            (output port)
  Path Group:             (none)
  Path Type:              Max at Slow Process Corner
  Data Path Delay:        9.941ns  (logic 4.816ns (48.447%)  route 5.125ns (51.553%))
  Logic Levels:           4  (IBUF=1 LUT3=1 LUT6=1 OBUF=1)

    Location             Delay type                Incr(ns)  Path(ns)    Netlist Resource(s)
  -------------------------------------------------------------------    -------------------
    R2                                                0.000     0.000 r  mode (IN)
                         net (fo=0)                   0.000     0.000    mode
    R2                   IBUF (Prop_ibuf_I_O)         1.304     1.304 r  mode_IBUF_inst/O
                         net (fo=10, routed)          2.642     3.946    mode_IBUF
    SLICE_X33Y17         LUT3 (Prop_lut3_I1_O)        0.111     4.057 r  seg_OBUF[6]_inst_i_2/O
                         net (fo=4, routed)           0.622     4.680    seg_OBUF[6]_inst_i_2_n_0
    SLICE_X34Y17         LUT6 (Prop_lut6_I0_O)        0.247     4.927 r  seg_OBUF[6]_inst_i_1/O
                         net (fo=1, routed)           1.861     6.787    seg_OBUF[6]
    U7                   OBUF (Prop_obuf_I_O)         3.154     9.941 r  seg_OBUF[6]_inst/O
                         net (fo=0)                   0.000     9.941    seg[6]
    U7                                                                r  seg[6] (OUT)
  -------------------------------------------------------------------    -------------------

Slack:                    inf
  Source:                 mode
                            (input port)
  Destination:            seg[5]
                            (output port)
  Path Group:             (none)
  Path Type:              Max at Slow Process Corner
  Data Path Delay:        9.732ns  (logic 4.625ns (47.525%)  route 5.107ns (52.475%))
  Logic Levels:           4  (IBUF=1 LUT3=1 LUT6=1 OBUF=1)

    Location             Delay type                Incr(ns)  Path(ns)    Netlist Resource(s)
  -------------------------------------------------------------------    -------------------
    R2                                                0.000     0.000 r  mode (IN)
                         net (fo=0)                   0.000     0.000    mode
    R2                   IBUF (Prop_ibuf_I_O)         1.304     1.304 r  mode_IBUF_inst/O
                         net (fo=10, routed)          2.642     3.946    mode_IBUF
    SLICE_X33Y17         LUT3 (Prop_lut3_I2_O)        0.097     4.043 r  seg_OBUF[6]_inst_i_5/O
                         net (fo=7, routed)           0.622     4.665    seg_OBUF[6]_inst_i_5_n_0
    SLICE_X34Y17         LUT6 (Prop_lut6_I0_O)        0.097     4.762 r  seg_OBUF[5]_inst_i_1/O
                         net (fo=1, routed)           1.843     6.605    seg_OBUF[5]
    V5                   OBUF (Prop_obuf_I_O)         3.127     9.732 r  seg_OBUF[5]_inst/O
                         net (fo=0)                   0.000     9.732    seg[5]
    V5                                                                r  seg[5] (OUT)
  -------------------------------------------------------------------    -------------------

Slack:                    inf
  Source:                 mode
                            (input port)
  Destination:            seg[4]
                            (output port)
  Path Group:             (none)
  Path Type:              Max at Slow Process Corner
  Data Path Delay:        9.661ns  (logic 4.641ns (48.033%)  route 5.021ns (51.967%))
  Logic Levels:           4  (IBUF=1 LUT3=1 LUT4=1 OBUF=1)

    Location             Delay type                Incr(ns)  Path(ns)    Netlist Resource(s)
  -------------------------------------------------------------------    -------------------
    R2                                                0.000     0.000 r  mode (IN)
                         net (fo=0)                   0.000     0.000    mode
    R2                   IBUF (Prop_ibuf_I_O)         1.304     1.304 r  mode_IBUF_inst/O
                         net (fo=10, routed)          2.642     3.946    mode_IBUF
    SLICE_X33Y17         LUT3 (Prop_lut3_I2_O)        0.097     4.043 f  seg_OBUF[6]_inst_i_5/O
                         net (fo=7, routed)           0.689     4.733    seg_OBUF[6]_inst_i_5_n_0
    SLICE_X34Y18         LUT4 (Prop_lut4_I0_O)        0.097     4.830 r  seg_OBUF[4]_inst_i_1/O
                         net (fo=1, routed)           1.689     6.519    seg_OBUF[4]
    U5                   OBUF (Prop_obuf_I_O)         3.142     9.661 r  seg_OBUF[4]_inst/O
                         net (fo=0)                   0.000     9.661    seg[4]
    U5                                                                r  seg[4] (OUT)
  -------------------------------------------------------------------    -------------------

Slack:                    inf
  Source:                 mode
                            (input port)
  Destination:            err_led
                            (output port)
  Path Group:             (none)
  Path Type:              Max at Slow Process Corner
  Data Path Delay:        9.462ns  (logic 4.528ns (47.859%)  route 4.934ns (52.141%))
  Logic Levels:           3  (IBUF=1 LUT6=1 OBUF=1)

    Location             Delay type                Incr(ns)  Path(ns)    Netlist Resource(s)
  -------------------------------------------------------------------    -------------------
    R2                                                0.000     0.000 f  mode (IN)
                         net (fo=0)                   0.000     0.000    mode
    R2                   IBUF (Prop_ibuf_I_O)         1.304     1.304 f  mode_IBUF_inst/O
                         net (fo=10, routed)          3.436     4.740    mode_IBUF
    SLICE_X0Y13          LUT6 (Prop_lut6_I1_O)        0.097     4.837 r  err_led_OBUF_inst_i_1/O
                         net (fo=1, routed)           1.498     6.335    err_led_OBUF
    U16                  OBUF (Prop_obuf_I_O)         3.127     9.462 r  err_led_OBUF_inst/O
                         net (fo=0)                   0.000     9.462    err_led
    U16                                                               r  err_led (OUT)
  -------------------------------------------------------------------    -------------------

Slack:                    inf
  Source:                 refresh_reg[17]/C
                            (rising edge-triggered cell FDRE)
  Destination:            an[3]
                            (output port)
  Path Group:             (none)
  Path Type:              Max at Slow Process Corner
  Data Path Delay:        6.479ns  (logic 3.721ns (57.426%)  route 2.758ns (42.574%))
  Logic Levels:           3  (FDRE=1 LUT2=1 OBUF=1)

    Location             Delay type                Incr(ns)  Path(ns)    Netlist Resource(s)
  -------------------------------------------------------------------    -------------------
    SLICE_X40Y18         FDRE                         0.000     0.000 r  refresh_reg[17]/C
    SLICE_X40Y18         FDRE (Prop_fdre_C_Q)         0.341     0.341 f  refresh_reg[17]/Q
                         net (fo=13, routed)          1.463     1.804    refresh_reg[17]
    SLICE_X65Y27         LUT2 (Prop_lut2_I1_O)        0.097     1.901 r  an_OBUF[3]_inst_i_1/O
                         net (fo=1, routed)           1.295     3.196    an_OBUF[3]
    W4                   OBUF (Prop_obuf_I_O)         3.283     6.479 r  an_OBUF[3]_inst/O
                         net (fo=0)                   0.000     6.479    an[3]
    W4                                                                r  an[3] (OUT)
  -------------------------------------------------------------------    -------------------

Slack:                    inf
  Source:                 refresh_reg[17]/C
                            (rising edge-triggered cell FDRE)
  Destination:            an[0]
                            (output port)
  Path Group:             (none)
  Path Type:              Max at Slow Process Corner
  Data Path Delay:        6.403ns  (logic 3.705ns (57.867%)  route 2.698ns (42.133%))
  Logic Levels:           3  (FDRE=1 LUT2=1 OBUF=1)

    Location             Delay type                Incr(ns)  Path(ns)    Netlist Resource(s)
  -------------------------------------------------------------------    -------------------
    SLICE_X40Y18         FDRE                         0.000     0.000 r  refresh_reg[17]/C
    SLICE_X40Y18         FDRE (Prop_fdre_C_Q)         0.341     0.341 r  refresh_reg[17]/Q
                         net (fo=13, routed)          1.463     1.804    refresh_reg[17]
    SLICE_X65Y27         LUT2 (Prop_lut2_I1_O)        0.097     1.901 r  an_OBUF[0]_inst_i_1/O
                         net (fo=1, routed)           1.235     3.136    an_OBUF[0]
    U2                   OBUF (Prop_obuf_I_O)         3.267     6.403 r  an_OBUF[0]_inst/O
                         net (fo=0)                   0.000     6.403    an[0]
    U2                                                                r  an[0] (OUT)
  -------------------------------------------------------------------    -------------------





Min Delay Paths
--------------------------------------------------------------------------------------
Slack:                    inf
  Source:                 m_reg[2]/C
                            (rising edge-triggered cell FDRE)
  Destination:            m_reg[1]/D
  Path Group:             (none)
  Path Type:              Min at Fast Process Corner
  Data Path Delay:        0.290ns  (logic 0.209ns (72.049%)  route 0.081ns (27.951%))
  Logic Levels:           2  (FDRE=1 LUT6=1)

    Location             Delay type                Incr(ns)  Path(ns)    Netlist Resource(s)
  -------------------------------------------------------------------    -------------------
    SLICE_X30Y17         FDRE                         0.000     0.000 r  m_reg[2]/C
    SLICE_X30Y17         FDRE (Prop_fdre_C_Q)         0.164     0.164 r  m_reg[2]/Q
                         net (fo=8, routed)           0.081     0.245    m_reg_n_0_[2]
    SLICE_X31Y17         LUT6 (Prop_lut6_I2_O)        0.045     0.290 r  m[1]_i_1/O
                         net (fo=1, routed)           0.000     0.290    p_0_in[1]
    SLICE_X31Y17         FDRE                                         r  m_reg[1]/D
  -------------------------------------------------------------------    -------------------

Slack:                    inf
  Source:                 m_reg[5]/C
                            (rising edge-triggered cell FDRE)
  Destination:            m_reg[5]/D
  Path Group:             (none)
  Path Type:              Min at Fast Process Corner
  Data Path Delay:        0.300ns  (logic 0.186ns (62.069%)  route 0.114ns (37.931%))
  Logic Levels:           2  (FDRE=1 LUT6=1)

    Location             Delay type                Incr(ns)  Path(ns)    Netlist Resource(s)
  -------------------------------------------------------------------    -------------------
    SLICE_X29Y15         FDRE                         0.000     0.000 r  m_reg[5]/C
    SLICE_X29Y15         FDRE (Prop_fdre_C_Q)         0.141     0.141 r  m_reg[5]/Q
                         net (fo=5, routed)           0.114     0.255    m_reg_n_0_[5]
    SLICE_X29Y15         LUT6 (Prop_lut6_I2_O)        0.045     0.300 r  m[5]_i_1/O
                         net (fo=1, routed)           0.000     0.300    p_0_in[5]
    SLICE_X29Y15         FDRE                                         r  m_reg[5]/D
  -------------------------------------------------------------------    -------------------

Slack:                    inf
  Source:                 m_reg[1]/C
                            (rising edge-triggered cell FDRE)
  Destination:            m_reg[3]/D
  Path Group:             (none)
  Path Type:              Min at Fast Process Corner
  Data Path Delay:        0.331ns  (logic 0.186ns (56.131%)  route 0.145ns (43.869%))
  Logic Levels:           2  (FDRE=1 LUT6=1)

    Location             Delay type                Incr(ns)  Path(ns)    Netlist Resource(s)
  -------------------------------------------------------------------    -------------------
    SLICE_X31Y17         FDRE                         0.000     0.000 r  m_reg[1]/C
    SLICE_X31Y17         FDRE (Prop_fdre_C_Q)         0.141     0.141 r  m_reg[1]/Q
                         net (fo=8, routed)           0.145     0.286    m_reg_n_0_[1]
    SLICE_X32Y17         LUT6 (Prop_lut6_I4_O)        0.045     0.331 r  m[3]_i_1/O
                         net (fo=1, routed)           0.000     0.331    p_0_in[3]
    SLICE_X32Y17         FDRE                                         r  m_reg[3]/D
  -------------------------------------------------------------------    -------------------

Slack:                    inf
  Source:                 s_reg[4]/C
                            (rising edge-triggered cell FDRE)
  Destination:            s_reg[5]/D
  Path Group:             (none)
  Path Type:              Min at Fast Process Corner
  Data Path Delay:        0.358ns  (logic 0.186ns (51.966%)  route 0.172ns (48.034%))
  Logic Levels:           2  (FDRE=1 LUT6=1)

    Location             Delay type                Incr(ns)  Path(ns)    Netlist Resource(s)
  -------------------------------------------------------------------    -------------------
    SLICE_X33Y15         FDRE                         0.000     0.000 r  s_reg[4]/C
    SLICE_X33Y15         FDRE (Prop_fdre_C_Q)         0.141     0.141 f  s_reg[4]/Q
                         net (fo=7, routed)           0.172     0.313    p_0_in1_in[0]
    SLICE_X33Y15         LUT6 (Prop_lut6_I5_O)        0.045     0.358 r  s[5]_i_1/O
                         net (fo=1, routed)           0.000     0.358    s[5]
    SLICE_X33Y15         FDRE                                         r  s_reg[5]/D
  -------------------------------------------------------------------    -------------------

Slack:                    inf
  Source:                 clkdiv_reg[15]/C
                            (rising edge-triggered cell FDRE)
  Destination:            clkdiv_reg[15]/D
  Path Group:             (none)
  Path Type:              Min at Fast Process Corner
  Data Path Delay:        0.362ns  (logic 0.249ns (68.841%)  route 0.113ns (31.159%))
  Logic Levels:           2  (CARRY4=1 FDRE=1)

    Location             Delay type                Incr(ns)  Path(ns)    Netlist Resource(s)
  -------------------------------------------------------------------    -------------------
    SLICE_X31Y13         FDRE                         0.000     0.000 r  clkdiv_reg[15]/C
    SLICE_X31Y13         FDRE (Prop_fdre_C_Q)         0.141     0.141 r  clkdiv_reg[15]/Q
                         net (fo=2, routed)           0.113     0.254    clkdiv_reg[15]
    SLICE_X31Y13         CARRY4 (Prop_carry4_S[3]_O[3])
                                                      0.108     0.362 r  clkdiv_reg[12]_i_1/O[3]
                         net (fo=1, routed)           0.000     0.362    clkdiv_reg[12]_i_1_n_4
    SLICE_X31Y13         FDRE                                         r  clkdiv_reg[15]/D
  -------------------------------------------------------------------    -------------------

Slack:                    inf
  Source:                 clkdiv_reg[19]/C
                            (rising edge-triggered cell FDRE)
  Destination:            clkdiv_reg[19]/D
  Path Group:             (none)
  Path Type:              Min at Fast Process Corner
  Data Path Delay:        0.363ns  (logic 0.249ns (68.675%)  route 0.114ns (31.325%))
  Logic Levels:           2  (CARRY4=1 FDRE=1)

    Location             Delay type                Incr(ns)  Path(ns)    Netlist Resource(s)
  -------------------------------------------------------------------    -------------------
    SLICE_X31Y14         FDRE                         0.000     0.000 r  clkdiv_reg[19]/C
    SLICE_X31Y14         FDRE (Prop_fdre_C_Q)         0.141     0.141 r  clkdiv_reg[19]/Q
                         net (fo=2, routed)           0.114     0.255    clkdiv_reg[19]
    SLICE_X31Y14         CARRY4 (Prop_carry4_S[3]_O[3])
                                                      0.108     0.363 r  clkdiv_reg[16]_i_1/O[3]
                         net (fo=1, routed)           0.000     0.363    clkdiv_reg[16]_i_1_n_4
    SLICE_X31Y14         FDRE                                         r  clkdiv_reg[19]/D
  -------------------------------------------------------------------    -------------------

Slack:                    inf
  Source:                 clkdiv_reg[23]/C
                            (rising edge-triggered cell FDRE)
  Destination:            clkdiv_reg[23]/D
  Path Group:             (none)
  Path Type:              Min at Fast Process Corner
  Data Path Delay:        0.363ns  (logic 0.249ns (68.662%)  route 0.114ns (31.338%))
  Logic Levels:           2  (CARRY4=1 FDRE=1)

    Location             Delay type                Incr(ns)  Path(ns)    Netlist Resource(s)
  -------------------------------------------------------------------    -------------------
    SLICE_X31Y15         FDRE                         0.000     0.000 r  clkdiv_reg[23]/C
    SLICE_X31Y15         FDRE (Prop_fdre_C_Q)         0.141     0.141 r  clkdiv_reg[23]/Q
                         net (fo=2, routed)           0.114     0.255    clkdiv_reg[23]
    SLICE_X31Y15         CARRY4 (Prop_carry4_S[3]_O[3])
                                                      0.108     0.363 r  clkdiv_reg[20]_i_1/O[3]
                         net (fo=1, routed)           0.000     0.363    clkdiv_reg[20]_i_1_n_4
    SLICE_X31Y15         FDRE                                         r  clkdiv_reg[23]/D
  -------------------------------------------------------------------    -------------------

Slack:                    inf
  Source:                 s_reg[7]/C
                            (rising edge-triggered cell FDRE)
  Destination:            s_reg[7]/D
  Path Group:             (none)
  Path Type:              Min at Fast Process Corner
  Data Path Delay:        0.364ns  (logic 0.186ns (51.166%)  route 0.178ns (48.834%))
  Logic Levels:           2  (FDRE=1 LUT3=1)

    Location             Delay type                Incr(ns)  Path(ns)    Netlist Resource(s)
  -------------------------------------------------------------------    -------------------
    SLICE_X33Y17         FDRE                         0.000     0.000 r  s_reg[7]/C
    SLICE_X33Y17         FDRE (Prop_fdre_C_Q)         0.141     0.141 r  s_reg[7]/Q
                         net (fo=5, routed)           0.178     0.319    p_0_in1_in[3]
    SLICE_X33Y17         LUT3 (Prop_lut3_I0_O)        0.045     0.364 r  s[7]_i_2/O
                         net (fo=1, routed)           0.000     0.364    s[7]
    SLICE_X33Y17         FDRE                                         r  s_reg[7]/D
  -------------------------------------------------------------------    -------------------

Slack:                    inf
  Source:                 m_reg[0]/C
                            (rising edge-triggered cell FDRE)
  Destination:            m_reg[0]/D
  Path Group:             (none)
  Path Type:              Min at Fast Process Corner
  Data Path Delay:        0.364ns  (logic 0.186ns (51.152%)  route 0.178ns (48.848%))
  Logic Levels:           2  (FDRE=1 LUT3=1)

    Location             Delay type                Incr(ns)  Path(ns)    Netlist Resource(s)
  -------------------------------------------------------------------    -------------------
    SLICE_X29Y16         FDRE                         0.000     0.000 r  m_reg[0]/C
    SLICE_X29Y16         FDRE (Prop_fdre_C_Q)         0.141     0.141 f  m_reg[0]/Q
                         net (fo=9, routed)           0.178     0.319    m_reg_n_0_[0]
    SLICE_X29Y16         LUT3 (Prop_lut3_I2_O)        0.045     0.364 r  m[0]_i_1/O
                         net (fo=1, routed)           0.000     0.364    p_0_in[0]
    SLICE_X29Y16         FDRE                                         r  m_reg[0]/D
  -------------------------------------------------------------------    -------------------

Slack:                    inf
  Source:                 clkdiv_reg[7]/C
                            (rising edge-triggered cell FDRE)
  Destination:            clkdiv_reg[7]/D
  Path Group:             (none)
  Path Type:              Min at Fast Process Corner
  Data Path Delay:        0.364ns  (logic 0.249ns (68.319%)  route 0.115ns (31.681%))
  Logic Levels:           2  (CARRY4=1 FDRE=1)

    Location             Delay type                Incr(ns)  Path(ns)    Netlist Resource(s)
  -------------------------------------------------------------------    -------------------
    SLICE_X31Y11         FDRE                         0.000     0.000 r  clkdiv_reg[7]/C
    SLICE_X31Y11         FDRE (Prop_fdre_C_Q)         0.141     0.141 r  clkdiv_reg[7]/Q
                         net (fo=2, routed)           0.115     0.256    clkdiv_reg[7]
    SLICE_X31Y11         CARRY4 (Prop_carry4_S[3]_O[3])
                                                      0.108     0.364 r  clkdiv_reg[4]_i_1/O[3]
                         net (fo=1, routed)           0.000     0.364    clkdiv_reg[4]_i_1_n_4
    SLICE_X31Y11         FDRE                                         r  clkdiv_reg[7]/D
  -------------------------------------------------------------------    -------------------





